[pixinvent.com/demo/crypto-ico/html/ltr/template-counter/template-counter-classic.html]
[backblue.gif]
[fade.gif]
[index.html]
[cdnjs.cloudflare.com/ajax/libs/font-awesome/4.7.0/css/font-awesome.min.css]
[pixinvent.com/demo/crypto-ico/theme-assets/css/bootstrap.min.css]
[pixinvent.com/demo/crypto-ico/theme-assets/fonts/themify/style.min.css]
[pixinvent.com/demo/crypto-ico/theme-assets/fonts/flag-icon-css/css/flag-icon.min.css]
[pixinvent.com/demo/crypto-ico/theme-assets/vendors/animate/animate.min.css]
[pixinvent.com/demo/crypto-ico/theme-assets/vendors/flipclock/flipclock.css]
[pixinvent.com/demo/crypto-ico/theme-assets/vendors/swiper/css/swiper.min.css]
[pixinvent.com/demo/crypto-ico/theme-assets/css/demo.min.css]
[pixinvent.com/demo/crypto-ico/theme-assets/css/template-counter.min.css]
[pixinvent.com/demo/crypto-ico/assets/css/style.css]
[pixinvent.com/demo/crypto-ico/theme-assets/images-counter/loader-logo.png]
[pixinvent.com/demo/crypto-ico/html/ltr/template-counter/index.html]
[pixinvent.com/demo/crypto-ico/theme-assets/images-counter/logo.png]
[pixinvent.com/demo/crypto-ico/html/ltr/template-counter/template-404.html]
[pixinvent.com/demo/crypto-ico/html/ltr/template-counter/template-inner-page-with-sidebar.html]
[pixinvent.com/demo/crypto-ico/theme-assets/images-counter/icon-bitcoin.png]
[pixinvent.com/demo/crypto-ico/theme-assets/images-counter/icon-eth.png]
[pixinvent.com/demo/crypto-ico/theme-assets/images-counter/icon-visa.png]
[pixinvent.com/demo/crypto-ico/theme-assets/images-counter/icon-maestro.png]
[pixinvent.com/demo/crypto-ico/theme-assets/images-counter/logo-big.png]
[pixinvent.com/demo/crypto-ico/theme-assets/images-counter/icon-arrow.png]
[pixinvent.com/demo/crypto-ico/theme-assets/images-counter/ico-track.png]
[pixinvent.com/demo/crypto-ico/theme-assets/images-counter/ico-bench.png]
[pixinvent.com/demo/crypto-ico/theme-assets/images-counter/ico-ranker.png]
[pixinvent.com/demo/crypto-ico/theme-assets/images-counter/ico-bazaar.png]
[pixinvent.com/demo/crypto-ico/theme-assets/images-counter/what-is-crypto.png]
[pixinvent.com/demo/crypto-ico/theme-assets/images-counter/problems-graphic.png]
[pixinvent.com/demo/crypto-ico/theme-assets/images-counter/solutions-graphic.png]
[pixinvent.com/demo/crypto-ico/theme-assets/images-counter/whitepaper.png]
[pixinvent.com/demo/crypto-ico/theme-assets/images-counter/flag-1.png]
[pixinvent.com/demo/crypto-ico/theme-assets/images-counter/flag-2.png]
[pixinvent.com/demo/crypto-ico/theme-assets/images-counter/flag-3.png]
[pixinvent.com/demo/crypto-ico/theme-assets/images-counter/flag-4.png]
[pixinvent.com/demo/crypto-ico/theme-assets/images-counter/chart.png]
[pixinvent.com/demo/crypto-ico/theme-assets/images-counter/user-9.png]
[pixinvent.com/demo/crypto-ico/theme-assets/images-counter/user-6.png]
[pixinvent.com/demo/crypto-ico/theme-assets/images-counter/user-2.png]
[pixinvent.com/demo/crypto-ico/theme-assets/images-counter/user-10.png]
[pixinvent.com/demo/crypto-ico/theme-assets/images-counter/user-4.png]
[pixinvent.com/demo/crypto-ico/theme-assets/images-counter/user-13.png]
[pixinvent.com/demo/crypto-ico/theme-assets/images-counter/user-1.png]
[pixinvent.com/demo/crypto-ico/theme-assets/images-counter/company-logo-1.png]
[pixinvent.com/demo/crypto-ico/theme-assets/images-counter/user-8.png]
[pixinvent.com/demo/crypto-ico/theme-assets/images-counter/company-logo-2.png]
[pixinvent.com/demo/crypto-ico/theme-assets/images-counter/user-3.png]
[pixinvent.com/demo/crypto-ico/theme-assets/images-counter/company-logo-3.png]
[pixinvent.com/demo/crypto-ico/theme-assets/images-counter/user-11.png]
[pixinvent.com/demo/crypto-ico/theme-assets/images-counter/company-logo-4.png]
[pixinvent.com/demo/crypto-ico/theme-assets/images-counter/user-7.png]
[pixinvent.com/demo/crypto-ico/theme-assets/images-counter/company-logo-5.png]
[pixinvent.com/demo/crypto-ico/theme-assets/images-counter/user-12.png]
[pixinvent.com/demo/crypto-ico/theme-assets/images-counter/blog-1.png]
[pixinvent.com/demo/crypto-ico/html/ltr/template-counter/template-blog-detail.html]
[pixinvent.com/demo/crypto-ico/theme-assets/images-counter/blog-3.png]
[pixinvent.com/demo/crypto-ico/theme-assets/images-counter/blog-2.png]
[pixinvent.com/demo/crypto-ico/theme-assets/images-counter/blog-4.png]
[pixinvent.com/demo/crypto-ico/theme-assets/images-counter/user-9-lg.jpg]
[pixinvent.com/demo/crypto-ico/theme-assets/images-counter/user-6-lg.jpg]
[pixinvent.com/demo/crypto-ico/theme-assets/images-counter/user-2-lg.jpg]
[pixinvent.com/demo/crypto-ico/theme-assets/images-counter/user-10-lg.jpg]
[pixinvent.com/demo/crypto-ico/theme-assets/images-counter/user-4-lg.jpg]
[pixinvent.com/demo/crypto-ico/theme-assets/images-counter/user-13-lg.jpg]
[pixinvent.com/demo/crypto-ico/theme-assets/images-counter/user-1-lg.jpg]
[pixinvent.com/demo/crypto-ico/theme-assets/images-counter/user-8-lg.jpg]
[pixinvent.com/demo/crypto-ico/theme-assets/images-counter/user-3-lg.jpg]
[pixinvent.com/demo/crypto-ico/theme-assets/images-counter/user-11-lg.jpg]
[pixinvent.com/demo/crypto-ico/theme-assets/images-counter/user-7-lg.jpg]
[pixinvent.com/demo/crypto-ico/theme-assets/images-counter/user-12-lg.jpg]
[pixinvent.com/demo/crypto-ico/images/demo/offer-banner.jpg]
[pixinvent.com/demo/crypto-ico/images/demo/template-counter.jpg]
[pixinvent.com/demo/crypto-ico/html/ltr/template-counter/index-2.html]
[pixinvent.com/demo/crypto-ico/html/ltr/template-counter/template-counter-ripple.html]
[pixinvent.com/demo/crypto-ico/html/ltr/template-counter/template-counter-particle.html]
[pixinvent.com/demo/crypto-ico/images/demo/template-3d-graphics.jpg]
[pixinvent.com/demo/crypto-ico/images/demo/template-3d-animation.jpg]
[pixinvent.com/demo/crypto-ico/images/demo/template-intro-video.jpg]
[pixinvent.com/demo/crypto-ico/theme-assets/vendors/vendors.min.js]
[pixinvent.com/demo/crypto-ico/theme-assets/vendors/flipclock/flipclock.min.js]
[pixinvent.com/demo/crypto-ico/theme-assets/vendors/swiper/js/swiper.min.js]
[pixinvent.com/demo/crypto-ico/theme-assets/js/theme.min.js]
[pixinvent.com/demo/crypto-ico/theme-assets/js/sales-notification.js]
[pixinvent.com/demo/crypto-ico/html/ltr/template-counter/template-counter-classic.html]
[pixinvent.com/demo/crypto-ico/theme-assets/images/ico/apple-icon-120.html]
[cdnjs.cloudflare.com/ajax/libs/font-awesome/4.7.0/css/font-awesome.min.css]
[pixinvent.com/demo/crypto-ico/theme-assets/css/bootstrap.min.css]
[pixinvent.com/demo/crypto-ico/theme-assets/js/scripts/demo.min.js]
[pixinvent.com/demo/crypto-ico/theme-assets/fonts/themify/fonts/themify9f24.eot]
[pixinvent.com/demo/crypto-ico/theme-assets/fonts/themify/fonts/themifyd41d.eot]
[pixinvent.com/demo/crypto-ico/theme-assets/fonts/themify/fonts/themify9f24.woff]
[pixinvent.com/demo/crypto-ico/theme-assets/fonts/themify/fonts/themify9f24.ttf]
[pixinvent.com/demo/crypto-ico/theme-assets/fonts/themify/style.min.css]
[pixinvent.com/demo/crypto-ico/theme-assets/fonts/flag-icon-css/css/flag-icon.min.css]
[pixinvent.com/demo/crypto-ico/theme-assets/vendors/animate/animate.min.css]
[pixinvent.com/demo/crypto-ico/theme-assets/vendors/flipclock/flipclock.css]
[pixinvent.com/demo/crypto-ico/theme-assets/vendors/swiper/css/swiper.min.css]
[pixinvent.com/demo/crypto-ico/theme-assets/css/demo.min.css]
[pixinvent.com/demo/crypto-ico/theme-assets/fonts/themify/fonts/themify9f24.svg]
[pixinvent.com/demo/crypto-ico/theme-assets/images-counter/banner-shape.png]
[pixinvent.com/demo/crypto-ico/theme-assets/images-counter/footer-shape.png]
[pixinvent.com/demo/crypto-ico/theme-assets/images/blockchain.png]
[pixinvent.com/demo/crypto-ico/theme-assets/images-counter/solutions-shape-2.png]
[pixinvent.com/demo/crypto-ico/theme-assets/images-counter/solutions-shape-1.png]
[pixinvent.com/demo/crypto-ico/theme-assets/images-counter/contact-shape-2.png]
[pixinvent.com/demo/crypto-ico/theme-assets/images-counter/contact-shape-1.png]
[pixinvent.com/demo/crypto-ico/theme-assets/css/template-counter.min.css]
[pixinvent.com/demo/crypto-ico/assets/css/style.css]
[pixinvent.com/demo/crypto-ico/html/ltr/template-counter/index.html]
[pixinvent.com/demo/crypto-ico/theme-assets/vendors/waypoints/jquery.waypoints.min.js]
[pixinvent.com/demo/crypto-ico/theme-assets/images/error.png]
[pixinvent.com/demo/crypto-ico/theme-assets/vendors/particles.min.js]
[pixinvent.com/demo/crypto-ico/html/ltr/template-counter/template-404.html]
[pixinvent.com/demo/crypto-ico/theme-assets/js/scripts/particles-type2.min.js]
[pixinvent.com/demo/crypto-ico/theme-assets/images-counter/our-coin.png]
[pixinvent.com/demo/crypto-ico/theme-assets/images-counter/bitcoin-banner.jpg]
[pixinvent.com/demo/crypto-ico/html/ltr/template-counter/template-blog.html]
[pixinvent.com/demo/crypto-ico/theme-assets/images-counter/post-1.png]
[pixinvent.com/demo/crypto-ico/theme-assets/images-counter/post-2.png]
[pixinvent.com/demo/crypto-ico/theme-assets/images-counter/post-3.png]
[pixinvent.com/demo/crypto-ico/html/ltr/template-counter/template-inner-page-with-sidebar.html]
[pixinvent.com/demo/crypto-ico/theme-assets/images/user-1.png]
[pixinvent.com/demo/crypto-ico/theme-assets/images/user-2.png]
[pixinvent.com/demo/crypto-ico/theme-assets/images/post-1.png]
[pixinvent.com/demo/crypto-ico/theme-assets/images/post-2.png]
[pixinvent.com/demo/crypto-ico/theme-assets/images/post-3.png]
[pixinvent.com/demo/crypto-ico/html/ltr/template-counter/template-blog-detail.html]
[pixinvent.com/demo/crypto-ico/html/ltr/template-counter/index-2.html]
[pixinvent.com/demo/crypto-ico/html/ltr/template-counter/template-counter-ripple.html]
[pixinvent.com/demo/crypto-ico/html/ltr/template-counter/template-counter-particle.html]
[pixinvent.com/demo/crypto-ico/theme-assets/fonts/themify/fonts/themify9f24.svg]
[pixinvent.com/demo/crypto-ico/theme-assets/images/blog-banner-1.png]
[pixinvent.com/demo/crypto-ico/theme-assets/images/blog-banner-2.png]
[pixinvent.com/demo/crypto-ico/theme-assets/images/blog-banner-3.png]
[pixinvent.com/demo/crypto-ico/theme-assets/images/blog-banner-4.png]
[pixinvent.com/demo/crypto-ico/html/ltr/template-counter/template-blog.html]
